	<h2 style="color:green;">This is a title</h2>

	<h3>This is a subhead</h3>

	<p style="color:red;">This is some text of dubious character. Isn&#8217;t the use of &#8220;quotes&#8221; just lazy writing&#8212;and theft of &#8216;intellectual property&#8217; besides? I think the time has come to see a block quote.</p>

	<blockquote>
		<p lang="fr">This is a block quote. I&#8217;ll admit it&#8217;s not the most exciting block quote ever devised.</p>
	</blockquote>

	<p>Simple list:</p>

	<ol style="color:blue;">
		<li>one</li>
		<li>two</li>
	</ol>
	<ol>
		<li>three

	<p>Multi-level list:</p>

		<li>one
	<ol>
		<li>aye</li>
		<li>bee</li>
	</ol></li>
	<ol>
		<li>see</li>
		<li>two
		<li>x</li>
	</ol></li>
	<ol>
		<li>y</li>
	</ol></li>
	</ol>
	<ol>
		<li>three

	<p>Mixed list:</p>

	<ul>
		<li>Point one
		<li>Point two
	<ol>
		<li>Step 1</li>
		<li>Step 2</li>
	</ol></li>
	<ol>
		<li>Step 3</li>
		<li>Point three
	<ul>
		<li>Sub point 1</li>
	</ul></li>
	</ol></li>
	</ul>
	</ol>
	<ul>
		<li>Sub point 2

	<p>Well, that went well. How about we insert an <a href="/" title="watch out">old-fashioned hypertext link</a>? Will the quote marks in the tags get messed up? No!</p>

	<p><a href="http://www.textism.com" title="optional title">This is a link</a></p>

	<table style="border:1px solid black;">
		<tr>
			<th>this</th>
			<th>is</th>
			<th>a</th>
			<th>header</th>
		</tr>
		<tr style="background:gray;text-align:left;">
			<td colspan="2">this is</td>
			<td style="background:red;width:200px;">a</td>
			<td style="vertical-align:top;height:200px;text-align:justify;">row</td>
		</tr>
		<tr>
			<td>this</td>
			<td style="padding:10px;text-align:justify;">is</td>
			<td style="vertical-align:top;">another</td>
			<td class="bob" id="bob">row</td>
		</tr>
	</table>

	<p>An image:</p>

	<p><img src="/common/textist.gif" title="optional alt text" alt="optional alt text" /></p>

	<ol>
		<li>Librarians rule</li>
	</ul></li>
		<li>Yes they do</li>
	</ol>
	<ol>
		<li>But you knew that

	<p>Some more text of dubious character. Here is a noisome string of CAPITAL letters. Here is something we want to <em>emphasize</em>. <br />
That was a linebreak. And something to indicate <strong>strength</strong>. Of course I could use <em>my own HTML tags</em> if I <strong>felt</strong> like it.</p>

	<h3>Coding</h3>

	<p>This <code>is some code, "isn't it"</code>. Watch those quote marks! Now for some preformatted text:</p>

<pre>
<code>
$text = str_replace("&lt;p&gt;%::%&lt;/p&gt;","",$text);
$text = str_replace("%::%&lt;/p&gt;","",$text);
$text = str_replace("%::%","",$text);

</code>
</pre>

	<p>This isn&#8217;t code.</p>

	<p>So you see, my friends:</p>

	<ul>
		<li>The time is now</li>
		<li>The time is not later</li>
		<li>The time is not yesterday</li>
	</ul>
	</ol>
	<ul>
		<li>We must act</li>
	</ul>




 
